<html>
<body>
<pre>
<h1>킮ision Build Log</h1>
<h2>Tool Versions:</h2>
IDE-Version: 킮ision V5.18.0.0
Copyright (C) 2016 ARM Ltd and ARM Germany GmbH. All rights reserved.
License Information: Haven Kim - Flex license: error obtaining information 
Tool Versions:
Toolchain:       MDK-Lite  Version: 5.18
Toolchain Path:  C:\Keil_v5\ARM\ARMCC\Bin
C Compiler:      Armcc.exe V5.06 update 1 (build 61)
Assembler:       Armasm.exe V5.06 update 1 (build 61)
Linker/Locator:  ArmLink.exe V5.06 update 1 (build 61)
Library Manager: ArmAr.exe V5.06 update 1 (build 61)
Hex Converter:   FromElf.exe V5.06 update 1 (build 61)
CPU DLL:         SARMCM3.DLL V5.18
Dialog DLL:      DCM.DLL V1.13.6.0
Target DLL:      UL2CM3.DLL V1.157.5.0
Dialog DLL:      TCM.DLL V1.14.8.0
 
<h2>Project:</h2>
C:\Users\ganda\Desktop\임베디드소프트웨어 - 김형신 교수님\실습\9주차\Lab9_Motor\project\PWM(Encoder) & Ultrasnoic\MDK-ARM\Project.uvprojx
Project File Date:  05/10/2017

<h2>Output:</h2>
*** Using Compiler 'V5.06 update 1 (build 61)', folder: 'C:\Keil_v5\ARM\ARMCC\Bin'
Build target 'PWM(Motor)'
compiling main.c...
..\Src\main.c(135): warning:  #177-D: variable "ch" was declared but never referenced
  	uint8_t ch;
..\Src\main.c(136): warning:  #177-D: variable "Encoder1" was declared but never referenced
  	uint16_t Encoder1 = 0;
..\Src\main.c(137): warning:  #177-D: variable "Encoder2" was declared but never referenced
  	uint16_t Encoder2 = 0;
..\Src\main.c: 3 warnings, 0 errors
linking...
Program Size: Code=15952 RO-data=640 RW-data=236 ZI-data=27580  
FromELF: creating hex file...
".\output\PWM(Motor).axf" - 0 Error(s), 3 Warning(s).

<h2>Collection of Component include folders:</h2>
  C:\Users\ganda\Desktop\임베디드소프트웨어 - 김형신 교수님\실습\9주차\Lab9_Motor\project\PWM(Encoder) & Ultrasnoic\MDK-ARM\RTE
  C:\Keil_v5\ARM\PACK\Keil\STM32F4xx_DFP\2.4.0\Drivers\CMSIS\Device\ST\STM32F4xx\Include

<h2>Collection of Component Files used:</h2>
Build Time Elapsed:  00:00:05
</pre>
</body>
</html>
